// Vitest Snapshot v1, https://vitest.dev/guide/snapshot.html

exports[`CLI Basics > Error Snapshots > nonexistent path error should match snapshot 1`] = `
"[7m[31merror[39m[27m [31m./nonexistent/path path does not exist[39m

"
`;

exports[`CLI Basics > Error Snapshots > unknown command error should match snapshot 1`] = `
"[7m[31merror[39m[27m [31munknown command 'unknown-command'[39m

"
`;

exports[`CLI Basics > Error Snapshots > unknown option error should match snapshot 1`] = `
"[7m[31merror[39m[27m [31munknown option '--unknown-option'[39m

"
`;

exports[`CLI Basics > Output Snapshots > help output should match snapshot 1`] = `
"Usage: ship [options] [command] [path]

ðŸš€ Deploy static sites with simplicity

Arguments:
  path             Path to deploy

Options:
  --version        Show version information
  --api-key <key>  API key for authentication
  --config <file>  Custom config file path
  --api-url <url>  API URL (for development)
  --json           Output results in JSON format
  --no-color       Disable colored output
  --preserve-dirs  Preserve directory structure in deployment
  -h, --help       display help for command

Commands:
  ping             Check API connectivity
  whoami           Get current account information
  deployments      Manage deployments
  aliases          Manage aliases
  account          Manage account
  completion       Setup shell completion
"
`;

exports[`CLI Basics > Output Snapshots > no args help output should match snapshot 1`] = `
"Usage: ship [options] [command] [path]

ðŸš€ Deploy static sites with simplicity

Arguments:
  path             Path to deploy

Options:
  --version        Show version information
  --api-key <key>  API key for authentication
  --config <file>  Custom config file path
  --api-url <url>  API URL (for development)
  --json           Output results in JSON format
  --no-color       Disable colored output
  --preserve-dirs  Preserve directory structure in deployment
  -h, --help       display help for command

Commands:
  ping             Check API connectivity
  whoami           Get current account information
  deployments      Manage deployments
  aliases          Manage aliases
  account          Manage account
  completion       Setup shell completion
"
`;
